no-mistakes 1.48.0 canary - README HTML comment is inert and self-contained
base 6789876442d0fb6da9f70d86399a2930c5073ae2 -> target 0a235dbc687329c1f86f6b7a53263d41652ab058

### 1. Tracked scope of the canary
 README.md | 2 ++
 1 file changed, 2 insertions(+)
--- a/README.md
+++ b/README.md
+<!-- Temporary no-mistakes 1.48.0 end-to-end validation canary; this PR will be closed without merge. -->
OK  exactly one tracked file changed; the only added content is an HTML comment

### 2. Reversibility: deleting the two added lines restores base README.md byte-for-byte
OK  reverted README.md == base README.md (sha256 c822d1b40200ab6b...)

### 3. Reader-visible rendering on the real end-user surface: GitHub POST /markdown (mode=gfm)
  gh-base.norm.html  85e31ef725a8fc853e3874b5c70eb434d8d840fb41594ad0a6d01f2fb9bc77aa
  gh-target.norm.html  85e31ef725a8fc853e3874b5c70eb434d8d840fb41594ad0a6d01f2fb9bc77aa
OK  GitHub renders both commits to byte-identical HTML; GitHub strips the comment entirely
OK  canary text occurrences in GitHub-rendered README: 0

### 4. Local render (pandoc gfm -> plain text), base vs target
OK  rendered reader text is identical

### 5. Browser rendering: full-README screenshot, Chrome 151 headless, 1000x4600 @2x DPR
76bc632fd4ba0063eb5a0aa06f1739f7aad16c61f7aab9d72be2e114b679fa62    base-plain.png
76bc632fd4ba0063eb5a0aa06f1739f7aad16c61f7aab9d72be2e114b679fa62    target-plain.png
OK  before/after screenshots are pixel-identical (same SHA-256)
    see readme-canary-before-after.png (side-by-side) and readme-full-render-target-0a235db.png

### 6. Targeted tests for the changed surface
$ bin/fm-test-run.sh --list --changed --base 6789876442d0fb6da9f70d86399a2930c5073ae2
fm-test-run: no tests selected for changes vs 6789876442d0fb6da9f70d86399a2930c5073ae2 (map is conservative; use --all for the complete suite)
$ bin/fm-test-run.sh tests/fm-documentation-audiences.test.sh   # owner of maintained-prose contracts incl. README.md
FM_TEST_BEGIN 2026-08-14T15:24:58Z tests/fm-documentation-audiences.test.sh family=pure-contract-unit expected_gate_skip=none
ok - documentation inventory classifies every maintained prose surface exactly once
ok - classification, setup routing, and maintained-prose scope fail safely
ok - required documentation owner pointers cannot silently disappear
ok - local links resolve while dates, versions, commands, and incident prose remain semantically reviewed
FM_TEST_END 2026-08-14T15:24:59Z tests/fm-documentation-audiences.test.sh exit=0 duration_ms=758 gate_skip=false
FM_TEST_SUMMARY total=1 failed=0 skipped_gate=0 duration_ms=816
FM_TEST_SUMMARY_FAMILY family=pure-contract-unit count=1 duration_ms=758 failed=0
FM_TEST_SLOWEST rank=1 script=tests/fm-documentation-audiences.test.sh duration_ms=758

### 7. Working tree after testing
(no output above == clean; no transient test artifacts left in the worktree)
