ok - fm-teardown: same task requires canonical home ownership
ok - fm-teardown: missing, empty, malformed, ambiguous, and task-mismatched endpoints refuse before every mutation or runtime call
ok - fm-teardown: a concurrent lifecycle action refuses before mutation
ok - fm-teardown: non-pool cleanup ignores unrelated task publication locks
ok - fm-teardown: destructive cleanup serializes with metadata writers
ok - cleanup identity: valid tmux, Herdr, Zellij, Orca, and cmux records validate while every empty backend target refuses
ok - tmux backend: direct empty target returns nonzero without invoking tmux
ok - process cleanup: creation-time PID identity removes only the exact child and preserves the control child
ok - fm-teardown: exact tmux cleanup preserves invalid and prefix-matched neighbors while removing only the recorded target
ok - Treehouse locking resolves a bare local origin against its source project, matching the provisioned clone
ok - fm-teardown: a pool slot named by a second task record is never returned, killed, or reset
ok - fm-teardown: a pool slot held by another firstmate home is never returned
ok - fm-teardown: a task that solely holds its slot still returns it
ok - fm-teardown: a pool slot claimed by another task refuses cleanup
ok - fm-teardown: an owned slot cleans up and an unclaimed slot refuses
ok - fm-teardown: an exact recorded endpoint still tears down after changing cwd outside its worktree
ok - Treehouse project locking anchors at the local root for main-home, local-secondmate, and remote-seeded layouts
ok - fm-teardown: a remote-seeded secondmate home returns its own uncontested pool slot
ok - fm-teardown: slot ownership across a remote-seeded home and its local child still refuses
ok - Treehouse project locking still serializes two homes across the remote-seeded boundary
ok - explicit child-home ownership is independent of the caller home
